---
source: src/core/config/transformer/improve_type_names.rs
expression: transformed_config.to_sdl()
---
schema @server(hostname: "0.0.0.0", port: 8000) @upstream(httpCache: 42) {
  query: Query
}

type Color {
  colors: [T3]
  isColorPageExists: Boolean
  isColorsImageAvailable: Boolean
}

type F1 {
  color: Color
}

type Query {
  f1: F1 @http(url: "http://example.typicode.com/colors")
}

type T3 {
  hexCode: String
  name: String
}
