---
source: src/core/ir/jit/mod.rs
expression: "format!(\"{:#?}\", q_blueprint)"
---
QueryPlan {
    fields: [],
}
