---
source: src/query_plan/tests.rs
expression: execution_plan
---
Sequential:
    Parallel:
        Resolve(3)
        Resolve(6)
    Resolve(4)
