---
source: tests/core/spec.rs
expression: formatter
---
schema
  @server(port: 8000, queryValidation: false)
  @upstream(
    baseURL: "http://jsonplaceholder.typicode.com"
    batch: {delay: 1, headers: [], maxSize: 1000}
    httpCache: 42
  ) {
  query: Query
}

type Post {
  body: String
  id: Int
  title: String
  user: User
    @http(
      batchKey: ["id"]
      path: "/users"
      query: [{key: "id", value: "{{.value.userId}}", skipNull: true}, {key: "foo", value: "bar"}]
    )
  userId: Int
}

type Query {
  posts: [Post] @http(path: "/posts")
}

type User {
  id: Int
  name: String
}
