---
source: tests/core/spec.rs
expression: formatter
snapshot_kind: text
---
schema @server(hostname: "0.0.0.0", port: 8001, queryValidation: false) @upstream(httpCache: 42) {
  query: Query
}

type Query {
  user(id: ID!): User! @http(url: "http://upstream/user", query: [{key: "id", value: "{{.args.id}}"}])
}

type User {
  city: String
  id: ID!
  name: String!
}
