---
source: tests/core/spec.rs
expression: response
snapshot_kind: text
---
{
  "status": 200,
  "headers": {
    "content-type": "application/json"
  },
  "body": {
    "data": {
      "firstUser": {
        "user1": {
          "user2": {
            "name": "Leanne Graham"
          }
        }
      }
    }
  }
}
