---
source: tests/core/spec.rs
expression: formatter
---
schema @server @upstream {
  query: Query
}

type Query {
  firstUser: User @http(url: "http://jsonplaceholder.typicode.com/users/1")
}

type User {
  id: Int
  name: String
}
