---
source: tests/core/spec.rs
expression: merged
---
schema @server(vars: [{key: "a", value: "b"}, {key: "c", value: "d"}, {key: "p", value: "q"}]) @upstream {
  query: Query
}

type Query {
  hello: String @expr(body: "world")
}
