---
source: tests/core/spec.rs
expression: client
---
scalar Date

scalar Email

scalar Empty

type Foo {
  bar: String
}

scalar JSON

scalar PhoneNumber

type Query {
  foo: Foo
}

scalar Url

schema {
  query: Query
}
