---
source: tests/core/spec.rs
expression: merged
---
schema @server @upstream @link(src: "test.js", type: Script) {
  query: Query
}

type Query {
  hello: String @http(baseURL: "http://localhost:3000", path: "/hello")
  hi: String @http(baseURL: "http://localhost:3000", path: "/hi")
}
