---
source: tests/core/spec.rs
expression: formatted
---
type Query {
  testVar0(u: T1Input!): U
  testVar1(u: T2Input!): U
  testVar2(u: T3Input!): U
  testVar3(u: T4Input!): U
  testVar4(u: T5Input!): U
}

type T1 {
  t1: String
}

input T1Input {
  t1: String
}

type T2 {
  t2: Int
}

input T2Input {
  t2: Int
}

type T3 {
  t3: Boolean
  t33: Float!
}

input T3Input {
  t3: Boolean
  t33: Float!
}

type T4 {
  t4: String
}

input T4Input {
  t4: String
}

type T5 {
  t5: Boolean
}

input T5Input {
  t5: Boolean
}

union U = T1 | T2 | T3 | T4 | T5

schema {
  query: Query
}
