---
source: tests/execution_spec.rs
expression: merged
---
scalar Json

type Query {
  foo: [Json]
}

schema {
  query: Query
}
