---
source: tests/execution_spec.rs
expression: client
---
type Bar {
  flag: Boolean
  foo: Foo
  id: [BarId]
}

type BarId {
  bid: Int
}

type Foo {
  id: Int
}

type Query {
  bars: [Bar]
}

schema {
  query: Query
}
