---
source: tests/execution_spec.rs
expression: merged
---
schema @server @upstream {
  query: Query
}

type Query {
  user(id: Int): User @graphQL(args: [{key: "id", value: "{{args.id}}"}], baseURL: "http://upstream/graphql", name: "user")
}

type User {
  id: Int
  name: String
}
