---
source: tests/execution_spec.rs
expression: merged
---
schema @server(headers: {corsParams: {allowCredentials: false, allowHeaders: ["Authorization"], allowMethods: ["POST", "OPTIONS"], allowOrigins: [], allowPrivateNetwork: true, exposeHeaders: [], maxAge: 23, vary: ["origin", "access-control-request-method", "access-control-request-headers"]}}) @upstream(baseURL: "http://example.com", batch: {delay: 1, headers: [], maxSize: 1000}) {
  query: Query
}

type Query {
  val: Int @const(data: 1)
}
