---
source: tests/execution_spec.rs
expression: response
---
{
  "data": {
    "user": {
      "age": 12,
      "name": "John"
    }
  }
}
